;Map File
[IDENTIFICATION]
Manufacturer=1f
Model=1f46
Device Revision=3
DD Revision=1
Map File Format Version=1
Use for CalMgmt=Yes
Use for Export=Yes

[PARAMETER MAP]
input block Upper Range Value=ItemArray!dynamic_variables!Element!0!Member!2!Member!UPPER_RANGE_VALUE
input block Lower Range Value=ItemArray!dynamic_variables!Element!0!Member!2!Member!LOWER_RANGE_VALUE
input block Units Code=ItemArray!dynamic_variables!Element!0!Member!DEVICE_VARIABLE!Member!DIGITAL_UNITS
Damping Value=Param!mass_flow_digital_damping
Totalizer Units=Param!mtot_digital_units
Totalizer Value=Param!mtot_digital_value
Tag=Param!tag
Message=Param!message
Descriptor=Param!descriptor

[PARAMETER SPECIAL INFO]
output block Upper Range Value=No Associated Parameter
output block Lower Range Value=No Associated Parameter
output block Units Code=No Associated Parameter
Transfer Function Code=No Associated Parameter

[DEFAULT PARAMETER VALUES]
output block Upper Range Value=20.0
output block Lower Range Value=4.0
output block Units Code=39
Transfer Function Code=0

[INPUT BLOCK TYPE]
;Generic=1,TempRtd=2,TempTC=3,Frequency=4,Pressure=5,Multivariable=99
Input block=1

[OUTPUT BLOCK TYPE]
;Generic=1,TempRtd=2,TempTC=3,Frequency=4,Pressure=5,HART=8,Multivariable=99
Output block=1

[input block Units Code DD to Common Map]
1=InH2O
2=InHg
3=FtH2O
4=mmH2O
5=mmHg
6=psi
7=bar
8=mbar
9=g_SqCm
10=kg_SqCm
11=PA
12=kPA
13=torr
14=ATM
15=CuFt_min
16=gal_min
17=l_min
18=ImpGal_min
19=CuMtr_hr
20=ft_s
21=mtr_s
22=gal_s
23=MillionGal_day
24=l_s
25=MilL_day
26=CuFt_s
27=CuFt_day
28=CuMtr_s
29=CuMtr_day
30=ImpGal_hr
31=ImpGal_day
32=degC
33=degF
34=degR
35=Kelvin
36=mV
37=Ohm
38=Hz
39=mA
40=gal
41=liter
42=ImpGal
43=CuMtr
44=ft
45=meter
46=bbl
47=in
48=cm
49=mm
50=min
51=sec
52=hr
53=day
54=centi_stokes
55=cpoise
56=uMho
57=Percent
58=v
59=pH
60=gram
61=kg
62=MetTon
63=lb
64=ShTon
65=LTon
66=mSiemen_cm
67=uSiemen_cm
68=newton
69=newton_meter
70=g_s
71=g_min
72=g_hr
73=kg_s
74=kg_min
75=kg_hr
76=kg_day
77=MetTon_min
78=MetTon_hr
79=MetTon_day
80=lb_s
81=lb_min
82=lb_hr
83=lb_day
84=ShTon_min
85=ShTon_hr
86=ShTon_day
87=LTon_hr
88=LTon_day
90=SGU
91=g_CuCm
92=kg_CuMtr
93=lb_gal
94=lb_CuFt
95=g_ml
96=kg_l
97=g_l
98=lb_CuIn
99=ShTon_CuYd
100=degTwad
101=degBrix
102=degBaum_hv
103=degBaum_lt
104=degAPI
105=Percent_sol_wt
106=Percent_sol_vol
107=degBall
108=proof_vol
109=proof_mass
110=bush
111=CuYd
112=CuFt
113=CuIn
114=in_s
115=in_min
116=ft_min
117=deg_s
118=rev_s
119=rpm
120=mtr_hr
121=normal_cubic_meter_per_hour
122=normal_liter_per_hour
123=standard_cubic_feet_per_minute
124=bbl_liq
125=ounce
126=foot_pound_force
127=kilo_watt
128=kilo_watt_hour
129=horsepower
130=CuFt_hr
131=CuMtr_min
132=bbl_s
133=bbl_min
134=bbl_hr
135=bbl_day
136=gal_hr
137=ImpGal_s
138=l_hr
139=parts_per_million
140=mega_calorie_per_hour
141=mega_joule_per_hour
142=british_thermal_unit_per_hour
143=degrees
144=radians
150=percent_StmQual
151=Ftin16
152=CuFt_lb
153=pico_farads
160=Percent_plato
162=mega_calorie
163=kOhm
164=mega_joule
165=british_thermal_unit
166=normal_cubic_meter
167=normal_liter
168=standard_cubic_feet
235=gallons_per_day
253=Special
170=Not used
171=Not used
172=Not used
173=Not used
250=Not used
251=None

[Totalizer Units DD to Common Map]
60=gram
61=kg
62=MetTon
63=lb
64=ShTon
65=LTon
253=Special
